[WARN] The "pnpm" field in package.json is no longer read by pnpm. The following keys were ignored: "pnpm.overrides". See https://pnpm.io/settings for the new home of each setting.
$ next dev -p ${WEB_PORT:-7778}
 ⚠ Warning: Next.js inferred your workspace root, but it may not be correct.
 We detected multiple lockfiles and selected the directory of /Users/abdullahzaher/pnpm-lock.yaml as the root directory.
 To silence this warning, set `outputFileTracingRoot` in your Next.js config, or consider removing one of the lockfiles if it's not needed.
   See https://nextjs.org/docs/app/api-reference/config/next-config-js/output#caveats for more information.
 Detected additional lockfiles: 
   * /Users/abdullahzaher/vibress/pnpm-lock.yaml

 ⨯ Failed to start server
Error: listen EADDRINUSE: address already in use :::7799
    at <unknown> (Error: listen EADDRINUSE: address already in use :::7799)
    at new Promise (<anonymous>) {
  code: 'EADDRINUSE',
  errno: -48,
  syscall: 'listen',
  address: '::',
 ⨯ Error: Could not find the module "/Users/abdullahzaher/vibress/node_modules/.pnpm/next@15.5.23_@babel+core@7.29.7_supports-color@7.2.0__@playwright+test@1.62.1_@types+no_16c3546e1642d4a78c2709f3c769d959/node_modules/next/dist/next-devtools/userspace/app/segment-explorer-node.js#SegmentViewNode" in the React Client Manifest. This is probably a bug in the React Server Components bundler.
    at stringify (<anonymous>) {
  digest: '2671686804'
}
 ⨯ Error: Could not find the module "/Users/abdullahzaher/vibress/node_modules/.pnpm/next@15.5.23_@babel+core@7.29.7_supports-color@7.2.0__@playwright+test@1.62.1_@types+no_16c3546e1642d4a78c2709f3c769d959/node_modules/next/dist/next-devtools/userspace/app/segment-explorer-node.js#SegmentViewNode" in the React Client Manifest. This is probably a bug in the React Server Components bundler.
    at stringify (<anonymous>) {
  digest: '2671686804'
}
 ⨯ Error: Could not find the module "/Users/abdullahzaher/vibress/node_modules/.pnpm/next@15.5.23_@babel+core@7.29.7_supports-color@7.2.0__@playwright+test@1.62.1_@types+no_16c3546e1642d4a78c2709f3c769d959/node_modules/next/dist/next-devtools/userspace/app/segment-explorer-node.js#SegmentViewNode" in the React Client Manifest. This is probably a bug in the React Server Components bundler.
    at stringify (<anonymous>) {
  digest: '2671686804'
}
 ⨯ [TypeError: __webpack_modules__[moduleId] is not a function] {
  digest: '529760310'
}
 ⨯ Error: Could not find the module "/Users/abdullahzaher/vibress/node_modules/.pnpm/next@15.5.23_@babel+core@7.29.7_supports-color@7.2.0__@playwright+test@1.62.1_@types+no_16c3546e1642d4a78c2709f3c769d959/node_modules/next/dist/next-devtools/userspace/app/segment-explorer-node.js#SegmentViewNode" in the React Client Manifest. This is probably a bug in the React Server Components bundler.
    at stringify (<anonymous>) {
  digest: '3081422703'
}
[TypeError: __webpack_modules__[moduleId] is not a function]
 ⨯ [TypeError: __webpack_modules__[moduleId] is not a function]
 ⨯ [TypeError: __webpack_modules__[moduleId] is not a function] {
  page: '/pages/style-guide'
}
 ⨯ Error: Could not find the module "/Users/abdullahzaher/vibress/node_modules/.pnpm/next@15.5.23_@babel+core@7.29.7_supports-color@7.2.0__@playwright+test@1.62.1_@types+no_16c3546e1642d4a78c2709f3c769d959/node_modules/next/dist/next-devtools/userspace/app/segment-explorer-node.js#SegmentViewNode" in the React Client Manifest. This is probably a bug in the React Server Components bundler.
    at stringify (<anonymous>) {
  digest: '1737812392'
}
 ⨯ Error: Could not find the module "/Users/abdullahzaher/vibress/node_modules/.pnpm/next@15.5.23_@babel+core@7.29.7_supports-color@7.2.0__@playwright+test@1.62.1_@types+no_16c3546e1642d4a78c2709f3c769d959/node_modules/next/dist/next-devtools/userspace/app/segment-explorer-node.js#SegmentViewNode" in the React Client Manifest. This is probably a bug in the React Server Components bundler.
    at stringify (<anonymous>) {
  digest: '1737812392'
}
 ⨯ Error: Could not find the module "/Users/abdullahzaher/vibress/node_modules/.pnpm/next@15.5.23_@babel+core@7.29.7_supports-color@7.2.0__@playwright+test@1.62.1_@types+no_16c3546e1642d4a78c2709f3c769d959/node_modules/next/dist/next-devtools/userspace/app/segment-explorer-node.js#SegmentViewNode" in the React Client Manifest. This is probably a bug in the React Server Components bundler.
    at stringify (<anonymous>) {
  digest: '1737812392'
}
 ○ Compiling /_error ...
 ✓ Compiled /_error in 1454ms (937 modules)
 HEAD /pages/style-guide 500 in 2946ms
